// Jest Snapshot v1, https://goo.gl/fbAQLP

exports[`OAuthConnectButton.vue Test when the request url is not valid should show message 1`] = `
<div class="oauth-connect--message">
  Settings of the OpenProject integration app are not complete. Please contact your Nextcloud administrator.
</div>
`;
